// Jest Snapshot v1, https://goo.gl/fbAQLP

exports[`matches snapshot 1`] = `
<DocumentFragment>
  <div
    class="App"
  >
    <header
      class="App-header"
    >
      <div>
        <h1>
          BMI Calculator
        </h1>
        <div>
          <label>
            Height (cm):
            <input
              type="number"
              value=""
            />
          </label>
        </div>
        <div>
          <label>
            Weight (kg):
            <input
              type="number"
              value=""
            />
          </label>
        </div>
        <button>
          Calculate BMI
        </button>
      </div>
    </header>
  </div>
</DocumentFragment>
`;
